<html>
<body>
<pre>
<h1>µVision Build Log</h1>
<h2>Tool Versions:</h2>
IDE-Version: µVision V5.43.1.0
Copyright (C) 2025 ARM Ltd and ARM Germany GmbH. All rights reserved.
License Information: Henrikas Sarauskis
KTU
User-based license: Keil MDK Community (non-commercial free of charge)
Valid until: Jun 1 2033. Cached until: May 11 2026
 
Tool Versions:
Toolchain:       Keil MDK Community (non-commercial free of charge  Version: 5.43.0.0
Toolchain Path:  C:\Users\Henrikas\AppData\Local\Keil_v5\ARM\ARMCLANG\Bin
C Compiler:      ArmClang.exe V6.24
Assembler:       Armasm.exe V6.24
Linker/Locator:  ArmLink.exe V6.24
Library Manager: ArmAr.exe V6.24
Hex Converter:   FromElf.exe V6.24
CPU DLL:         SARMCM3.DLL V5.43.0.0
Dialog DLL:      DARMCM1.DLL V1.19.6.0
Target DLL:      STLink\ST-LINKIII-KEIL_SWO.dll V3.3.1.0
Dialog DLL:      TARMCM1.DLL V1.14.6.0
 
<h2>Project:</h2>
C:\Users\Henrikas\Desktop\UU KTU\Iterptines_sistemos_semestrinis\MDK-ARM\Iterptines_sistemos_semestrinis.uvprojx
Project File Date:  04/29/2026

<h2>Output:</h2>
*** Using Compiler 'V6.24', folder: 'C:\Users\Henrikas\AppData\Local\Keil_v5\ARM\ARMCLANG\Bin'
Rebuild target 'Iterptines_sistemos_semestrinis'
assembling startup_stm32l073xx.s...
compiling stm32l0xx_it.c...
compiling stm32l0xx_hal_i2c_ex.c...
compiling stm32l0xx_hal_msp.c...
compiling stm32l0xx_hal.c...
compiling stm32l0xx_hal_gpio.c...
compiling stm32l0xx_hal_flash.c...
compiling stm32l0xx_hal_flash_ramfunc.c...
compiling stm32l0xx_hal_adc_ex.c...
compiling stm32l0xx_hal_rcc_ex.c...
compiling stm32l0xx_hal_flash_ex.c...
compiling stm32l0xx_hal_rcc.c...
compiling main.c...
compiling stm32l0xx_hal_adc.c...
compiling stm32l0xx_hal_dma.c...
compiling stm32l0xx_hal_pwr.c...
compiling stm32l0xx_hal_pwr_ex.c...
compiling stm32l0xx_hal_tim_ex.c...
compiling stm32l0xx_hal_cortex.c...
compiling stm32l0xx_hal_exti.c...
compiling system_stm32l0xx.c...
compiling stm32l0xx_hal_uart_ex.c...
compiling stm32l0xx_hal_uart.c...
compiling stm32l0xx_hal_i2c.c...
compiling stm32l0xx_hal_tim.c...
linking...
Program Size: Code=20448 RO-data=600 RW-data=12 ZI-data=2012  
FromELF: creating hex file...
"Iterptines_sistemos_semestrinis\Iterptines_sistemos_semestrinis.axf" - 0 Error(s), 0 Warning(s).

<h2>Software Packages used:</h2>

Package Vendor: ARM
                https://www.keil.com/pack/ARM.CMSIS.6.2.0.pack
                ARM::CMSIS@6.2.0
                CMSIS (Common Microcontroller Software Interface Standard)
   * Component: CORE Version: 6.1.1

Package Vendor: Keil
                https://www.keil.com/pack/Keil.STM32L0xx_DFP.3.0.0.pack
                Keil::STM32L0xx_DFP@3.0.0
                STMicroelectronics STM32L0 Series Device Support

<h2>Collection of Component include folders:</h2>
  ./RTE/_Iterptines_sistemos_semestrinis
  C:/Users/Henrikas/AppData/Local/Arm/Packs/ARM/CMSIS/6.2.0/CMSIS/Core/Include

<h2>Collection of Component Files used:</h2>

   * Component: ARM::CMSIS:CORE@6.1.1
      Include file:  CMSIS/Core/Include/tz_context.h
Build Time Elapsed:  00:00:04
</pre>
</body>
</html>
